W/DroidBox(  993): DroidBox: { "FileRW": { "operation": "read", "data": "efbfbd28efbfbdefbfbd21efbfbd062e17efbfbd631cefbfbd2a6acdbfefbfbd33", "id": "1700242033" } }
W/ActivityManager(  221):   Force finishing activity com.gu.activity/.SignInActivity
W/WindowManager(  221): Failure taking screenshot for (246x410) to layer 21010
I/Process (  993): Sending signal. PID: 993 SIG: 9
I/ActivityManager(  221): Process com.gu.activity (pid 993) has died.
I/WindowState(  221): WIN DEATH: Window{b408dcf8 com.gu.activity/com.gu.activity.SignInActivity paused=true}
W/ActivityManager(  221): Scheduling restart of crashed service com.gu.activity/com.gu.MainService in 5186ms
I/qtaguid (  221): Failed write_ctrl(s 0 10050) res=-1 errno=1
W/NetworkManagementSocketTagger(  221): setKernelCountSet(10050, 0) failed with errno -1
W/InputMethodManagerService(  221): Window already focused, ignoring focus gain of: com.android.internal.view.IInputMethodClient$Stub$Proxy@b4074068 attribute=android.view.inputmethod.EditorInfo@b4074080
I/AndroidRuntime(  975): VM exiting with result code 11.
W/dalvikvm(  221): DroidBox: { "FdAccess": { "path": "2f70726f632f3934332f636d646c696e65", "id": "707062291" } }
W/DroidBox(  221): DroidBox: { "FileRW": { "operation": "read", "data": "636f6d2e616e64726f69642e6d757369636678000000000000000000000000000000000000000000000000000000000000000000000000000000000000000000000000000000000000000000702f74657374792e61706b00000000000000000000000000", "id": "707062291" } }
W/dalvikvm(  221): DroidBox: { "FdAccess": { "path": "2f70726f632f3935362f636d646c696e65", "id": "1746662019" } }
W/DroidBox(  221): DroidBox: { "FileRW": { "operation": "read", "data": "636f6d2e73766f782e7069636f000000000000000000000000000000000000000000000000000000000000000000000000000000000000000000000000000000000000000000000000000000702f74657374792e61706b00000000000000000000000000", "id": "1746662019" } }
W/dalvikvm(  221): DroidBox: { "FdAccess": { "path": "2f70726f632f3937372f636d646c696e65", "id": "1592688257" } }
W/DroidBox(  221): DroidBox: { "FileRW": { "operation": "read", "data": "6c6f676361740044726f6964426f783a570064616c76696b766d3a570041637469766974794d616e616765723a49000000000000000000000000000000000000000000000000000000000000702f74657374792e61706b00000000000000000000000000", "id": "1592688257" } }
W/dalvikvm(  221): DroidBox: { "FdAccess": { "path": "2f70726f632f3937392f636d646c696e65", "id": "818602140" } }
W/DroidBox(  221): DroidBox: { "FileRW": { "operation": "read", "data": "2f73797374656d2f62696e2f7368002d63007368202e2f7364636172642f65786563757465537472616365496e2e736800000000000000000000000000000000000000000000000000000000702f74657374792e61706b00000000000000000000000000", "id": "818602140" } }
W/dalvikvm(  221): DroidBox: { "FdAccess": { "path": "2f70726f632f3938312f636d646c696e65", "id": "1145051845" } }
W/DroidBox(  221): DroidBox: { "FileRW": { "operation": "read", "data": "7368002e2f7364636172642f65786563757465537472616365496e2e736800786563757465537472616365496e2e736800000000000000000000000000000000000000000000000000000000702f74657374792e61706b00000000000000000000000000", "id": "1145051845" } }
W/dalvikvm(  221): DroidBox: { "FdAccess": { "path": "2f70726f632f3938322f636d646c696e65", "id": "881585753" } }
W/DroidBox(  221): DroidBox: { "FileRW": { "operation": "read", "data": "737472616365002d70003539002d66002d747446002d6f002f7364636172642f74657374792e61706b5f7374726163655f6d6f6e6b65792e7478740000000000000000000000000000000000702f74657374792e61706b00000000000000000000000000", "id": "881585753" } }
E/WVMExtractor(   61): Failed to open libwvm.so
E/WVMExtractor(   61): Failed to open libwvm.so
E/WVMExtractor(   61): Failed to open libwvm.so
E/WVMExtractor(   61): Failed to open libwvm.so
E/WVMExtractor(   61): Failed to open libwvm.so
E/WVMExtractor(   61): Failed to open libwvm.so
E/WVMExtractor(   61): Failed to open libwvm.so
E/WVMExtractor(   61): Failed to open libwvm.so
E/WVMExtractor(   61): Failed to open libwvm.so
E/WVMExtractor(   61): Failed to open libwvm.so
E/WVMExtractor(   61): Failed to open libwvm.so
W/BackupManagerService(  221): dataChanged but no participant pkg='com.android.providers.settings' uid=10011
E/WVMExtractor(   61): Failed to open libwvm.so
E/MetadataRetrieverClient(   61): failed to extract an album art
E/WVMExtractor(   61): Failed to open libwvm.so
E/WVMExtractor(   61): Failed to open libwvm.so
E/WVMExtractor(   61): Failed to open libwvm.so
E/WVMExtractor(   61): Failed to open libwvm.so
E/WVMExtractor(   61): Failed to open libwvm.so
E/WVMExtractor(   61): Failed to open libwvm.so
E/WVMExtractor(   61): Failed to open libwvm.so
E/WVMExtractor(   61): Failed to open libwvm.so
E/WVMExtractor(   61): Failed to open libwvm.so
E/WVMExtractor(   61): Failed to open libwvm.so
E/WVMExtractor(   61): Failed to open libwvm.so
E/WVMExtractor(   61): Failed to open libwvm.so
E/WVMExtractor(   61): Failed to open libwvm.so
E/WVMExtractor(   61): Failed to open libwvm.so
E/WVMExtractor(   61): Failed to open libwvm.so
E/WVMExtractor(   61): Failed to open libwvm.so
E/WVMExtractor(   61): Failed to open libwvm.so
E/WVMExtractor(   61): Failed to open libwvm.so
E/WVMExtractor(   61): Failed to open libwvm.so
E/WVMExtractor(   61): Failed to open libwvm.so
E/WVMExtractor(   61): Failed to open libwvm.so
E/WVMExtractor(   61): Failed to open libwvm.so
E/WVMExtractor(   61): Failed to open libwvm.so
E/WVMExtractor(   61): Failed to open libwvm.so
E/WVMExtractor(   61): Failed to open libwvm.so
E/WVMExtractor(   61): Failed to open libwvm.so
E/WVMExtractor(   61): Failed to open libwvm.so
E/WVMExtractor(   61): Failed to open libwvm.so
E/WVMExtractor(   61): Failed to open libwvm.so
E/WVMExtractor(   61): Failed to open libwvm.so
E/WVMExtractor(   61): Failed to open libwvm.so
E/WVMExtractor(   61): Failed to open libwvm.so
E/WVMExtractor(   61): Failed to open libwvm.so
E/WVMExtractor(   61): Failed to open libwvm.so
E/WVMExtractor(   61): Failed to open libwvm.so
E/WVMExtractor(   61): Failed to open libwvm.so
E/WVMExtractor(   61): Failed to open libwvm.so
E/WVMExtractor(   61): Failed to open libwvm.so
E/WVMExtractor(   61): Failed to open libwvm.so
E/WVMExtractor(   61): Failed to open libwvm.so
E/WVMExtractor(   61): Failed to open libwvm.so
E/WVMExtractor(   61): Failed to open libwvm.so
E/WVMExtractor(   61): Failed to open libwvm.so
E/WVMExtractor(   61): Failed to open libwvm.so
E/WVMExtractor(   61): Failed to open libwvm.so
E/WVMExtractor(   61): Failed to open libwvm.so
I/ActivityManager(  221): Start proc com.gu.activity for service com.gu.activity/com.gu.MainService: pid=1013 uid=10050 gids={3003, 1015, 1006, 1028}
E/WVMExtractor(   61): Failed to open libwvm.so
E/Trace   ( 1013): error opening trace file: No such file or directory (2)
W/DroidBox( 1013): DroidBox: { "DexClassLoader": { "path": "/data/app/com.gu.activity-1.apk" } }
E/WVMExtractor(   61): Failed to open libwvm.so
W/dalvikvm(  221): DroidBox: { "FdAccess": { "path": "2f70726f632f313031332f636d646c696e65", "id": "1408410746" } }
W/DroidBox(  221): DroidBox: { "FileRW": { "operation": "read", "data": "636f6d2e67752e616374697669747900000000000000000000000000000000000000000000000000000000000000000000000000000000000000000000000000000000000000000000000000702f74657374792e61706b00000000000000000000000000", "id": "1408410746" } }
E/WVMExtractor(   61): Failed to open libwvm.so
W/System.err( 1013): java.security.NoSuchProviderException: SUN
W/System.err( 1013): 	at java.security.SecureRandom.getInstance(SecureRandom.java:189)
W/System.err( 1013): 	at com.gu.util.Common.<clinit>(Common.java:234)
W/System.err( 1013): 	at com.gu.MainService.onCreate(MainService.java:387)
W/System.err( 1013): 	at android.app.ActivityThread.handleCreateService(ActivityThread.java:2363)
W/System.err( 1013): 	at android.app.ActivityThread.access$1600(ActivityThread.java:130)
W/System.err( 1013): 	at android.app.ActivityThread$H.handleMessage(ActivityThread.java:1277)
W/System.err( 1013): 	at android.os.Handler.dispatchMessage(Handler.java:99)
W/System.err( 1013): 	at android.os.Looper.loop(Looper.java:137)
W/System.err( 1013): 	at android.app.ActivityThread.main(ActivityThread.java:4745)
W/System.err( 1013): 	at java.lang.reflect.Method.invokeNative(Native Method)
W/System.err( 1013): 	at java.lang.reflect.Method.invoke(Method.java:511)
W/System.err( 1013): 	at com.android.internal.os.ZygoteInit$MethodAndArgsCaller.run(ZygoteInit.java:786)
W/System.err( 1013): 	at com.android.internal.os.ZygoteInit.main(ZygoteInit.java:553)
W/System.err( 1013): 	at dalvik.system.NativeStart.main(Native Method)
W/dalvikvm( 1013): DroidBox: { "FdAccess": { "path": "2f646174612f646174612f636f6d2e67752e61637469766974792f6170705f646174612f73746174652e73", "id": "221579405" } }
W/DroidBox( 1013): DroidBox: { "FileRW": { "operation": "read", "data": "efbfbdefbfbd", "id": "221579405" } }
W/dalvikvm( 1013): DroidBox: { "FdAccess": { "path": "2f646174612f646174612f636f6d2e67752e61637469766974792f6170705f646174612f73746174652e73", "id": "1337125999" } }
W/DroidBox( 1013): DroidBox: { "FileRW": { "operation": "read", "data": "0005", "id": "1337125999" } }
W/dalvikvm( 1013): DroidBox: { "FdAccess": { "path": "2f646174612f646174612f636f6d2e67752e61637469766974792f6170705f646174612f73746174652e73", "id": "1730544997" } }
W/DroidBox( 1013): DroidBox: { "FileRW": { "operation": "read", "data": "73", "id": "1730544997" } }
W/dalvikvm( 1013): DroidBox: { "FdAccess": { "path": "2f646174612f646174612f636f6d2e67752e61637469766974792f6170705f646174612f73746174652e73", "id": "1930663553" } }
W/DroidBox( 1013): DroidBox: { "FileRW": { "operation": "read", "data": "72", "id": "1930663553" } }
W/dalvikvm( 1013): DroidBox: { "FdAccess": { "path": "2f646174612f646174612f636f6d2e67752e61637469766974792f6170705f646174612f73746174652e73", "id": "209609134" } }
W/DroidBox( 1013): DroidBox: { "FileRW": { "operation": "read", "data": "0016", "id": "209609134" } }
W/dalvikvm( 1013): DroidBox: { "FdAccess": { "path": "2f646174612f646174612f636f6d2e67752e61637469766974792f6170705f646174612f73746174652e73", "id": "314704627" } }
W/DroidBox( 1013): DroidBox: { "FileRW": { "operation": "read", "data": "636f6d2e67752e546b63416e64726f69645374617465", "id": "314704627" } }
W/dalvikvm( 1013): DroidBox: { "FdAccess": { "path": "2f646174612f646174612f636f6d2e67752e61637469766974792f6170705f646174612f73746174652e73", "id": "1321079134" } }
W/DroidBox( 1013): DroidBox: { "FileRW": { "operation": "read", "data": "0000000000000001", "id": "1321079134" } }
W/dalvikvm( 1013): DroidBox: { "FdAccess": { "path": "2f646174612f646174612f636f6d2e67752e61637469766974792f6170705f646174612f73746174652e73", "id": "648272561" } }
W/DroidBox( 1013): DroidBox: { "FileRW": { "operation": "read", "data": "02", "id": "648272561" } }
W/dalvikvm( 1013): DroidBox: { "FdAccess": { "path": "2f646174612f646174612f636f6d2e67752e61637469766974792f6170705f646174612f73746174652e73", "id": "699116791" } }
W/DroidBox( 1013): DroidBox: { "FileRW": { "operation": "read", "data": "0016", "id": "699116791" } }
W/dalvikvm( 1013): DroidBox: { "FdAccess": { "path": "2f646174612f646174612f636f6d2e67752e61637469766974792f6170705f646174612f73746174652e73", "id": "1666845027" } }
W/DroidBox( 1013): DroidBox: { "FileRW": { "operation": "read", "data": "5a", "id": "1666845027" } }
W/dalvikvm( 1013): DroidBox: { "FdAccess": { "path": "2f646174612f646174612f636f6d2e67752e61637469766974792f6170705f646174612f73746174652e73", "id": "1654411607" } }
W/DroidBox( 1013): DroidBox: { "FileRW": { "operation": "read", "data": "0017", "id": "1654411607" } }
E/WVMExtractor(   61): Failed to open libwvm.so
W/dalvikvm( 1013): DroidBox: { "FdAccess": { "path": "2f646174612f646174612f636f6d2e67752e61637469766974792f6170705f646174612f73746174652e73", "id": "1489335798" } }
W/DroidBox( 1013): DroidBox: { "FileRW": { "operation": "read", "data": "616d6269656e745265636f7264696e67436f6d6d616e64", "id": "1489335798" } }
W/dalvikvm( 1013): DroidBox: { "FdAccess": { "path": "2f646174612f646174612f636f6d2e67752e61637469766974792f6170705f646174612f73746174652e73", "id": "228834809" } }
W/DroidBox( 1013): DroidBox: { "FileRW": { "operation": "read", "data": "5a", "id": "228834809" } }
W/dalvikvm( 1013): DroidBox: { "FdAccess": { "path": "2f646174612f646174612f636f6d2e67752e61637469766974792f6170705f646174612f73746174652e73", "id": "93857590" } }
W/DroidBox( 1013): DroidBox: { "FileRW": { "operation": "read", "data": "000e", "id": "93857590" } }
W/dalvikvm( 1013): DroidBox: { "FdAccess": { "path": "2f646174612f646174612f636f6d2e67752e61637469766974792f6170705f646174612f73746174652e73", "id": "1723619410" } }
W/DroidBox( 1013): DroidBox: { "FileRW": { "operation": "read", "data": "617564696f5265636f7264696e67", "id": "1723619410" } }
W/dalvikvm( 1013): DroidBox: { "FdAccess": { "path": "2f646174612f646174612f636f6d2e67752e61637469766974792f6170705f646174612f73746174652e73", "id": "1498113900" } }
W/DroidBox( 1013): DroidBox: { "FileRW": { "operation": "read", "data": "4a", "id": "1498113900" } }
W/dalvikvm( 1013): DroidBox: { "FdAccess": { "path": "2f646174612f646174612f636f6d2e67752e61637469766974792f6170705f646174612f73746174652e73", "id": "2112691963" } }
W/DroidBox( 1013): DroidBox: { "FileRW": { "operation": "read", "data": "0014", "id": "2112691963" } }
W/dalvikvm( 1013): DroidBox: { "FdAccess": { "path": "2f646174612f646174612f636f6d2e67752e61637469766974792f6170705f646174612f73746174652e73", "id": "429044639" } }
W/DroidBox( 1013): DroidBox: { "FileRW": { "operation": "read", "data": "637269746963616c426174746572794c6576656c", "id": "429044639" } }
W/dalvikvm( 1013): DroidBox: { "FdAccess": { "path": "2f646174612f646174612f636f6d2e67752e61637469766974792f6170705f646174612f73746174652e73", "id": "1990515316" } }
W/DroidBox( 1013): DroidBox: { "FileRW": { "operation": "read", "data": "4a", "id": "1990515316" } }
W/dalvikvm( 1013): DroidBox: { "FdAccess": { "path": "2f646174612f646174612f636f6d2e67752e61637469766974792f6170705f646174612f73746174652e73", "id": "1217114032" } }
W/DroidBox( 1013): DroidBox: { "FileRW": { "operation": "read", "data": "0011", "id": "1217114032" } }
W/dalvikvm( 1013): DroidBox: { "FdAccess": { "path": "2f646174612f646174612f636f6d2e67752e61637469766974792f6170705f646174612f73746174652e73", "id": "1988160687" } }
W/DroidBox( 1013): DroidBox: { "FileRW": { "operation": "read", "data": "637269746963616c467265655370616365", "id": "1988160687" } }
W/dalvikvm( 1013): DroidBox: { "FdAccess": { "path": "2f646174612f646174612f636f6d2e67752e61637469766974792f6170705f646174612f73746174652e73", "id": "2142438595" } }
W/DroidBox( 1013): DroidBox: { "FileRW": { "operation": "read", "data": "4a", "id": "2142438595" } }
W/dalvikvm( 1013): DroidBox: { "FdAccess": { "path": "2f646174612f646174612f636f6d2e67752e61637469766974792f6170705f646174612f73746174652e73", "id": "1628821614" } }
W/DroidBox( 1013): DroidBox: { "FileRW": { "operation": "read", "data": "000e", "id": "1628821614" } }
W/dalvikvm( 1013): DroidBox: { "FdAccess": { "path": "2f646174612f646174612f636f6d2e67752e61637469766974792f6170705f646174612f73746174652e73", "id": "1263942046" } }
W/DroidBox( 1013): DroidBox: { "FileRW": { "operation": "read", "data": "6461696c79446174614c696d6974", "id": "1263942046" } }
W/dalvikvm( 1013): DroidBox: { "FdAccess": { "path": "2f646174612f646174612f636f6d2e67752e61637469766974792f6170705f646174612f73746174652e73", "id": "634720380" } }
W/DroidBox( 1013): DroidBox: { "FileRW": { "operation": "read", "data": "4a", "id": "634720380" } }
W/dalvikvm( 1013): DroidBox: { "FdAccess": { "path": "2f646174612f646174612f636f6d2e67752e61637469766974792f6170705f646174612f73746174652e73", "id": "1408634384" } }
W/DroidBox( 1013): DroidBox: { "FileRW": { "operation": "read", "data": "000e", "id": "1408634384" } }
W/dalvikvm( 1013): DroidBox: { "FdAccess": { "path": "2f646174612f646174612f636f6d2e67752e61637469766974792f6170705f646174612f73746174652e73", "id": "440630663" } }
W/DroidBox( 1013): DroidBox: { "FileRW": { "operation": "read", "data": "6461696c79446174615573616765", "id": "440630663" } }
W/dalvikvm( 1013): DroidBox: { "FdAccess": { "path": "2f646174612f646174612f636f6d2e67752e61637469766974792f6170705f646174612f73746174652e73", "id": "1328704910" } }
W/DroidBox( 1013): DroidBox: { "FileRW": { "operation": "read", "data": "5a", "id": "1328704910" } }
W/dalvikvm( 1013): DroidBox: { "FdAccess": { "path": "2f646174612f646174612f636f6d2e67752e61637469766974792f6170705f646174612f73746174652e73", "id": "659510616" } }
W/DroidBox( 1013): DroidBox: { "FileRW": { "operation": "read", "data": "0006", "id": "659510616" } }
W/dalvikvm( 1013): DroidBox: { "FdAccess": { "path": "2f646174612f646174612f636f6d2e67752e61637469766974792f6170705f646174612f73746174652e73", "id": "2122734681" } }
W/DroidBox( 1013): DroidBox: { "FileRW": { "operation": "read", "data": "6b696c6c6564", "id": "2122734681" } }
W/dalvikvm( 1013): DroidBox: { "FdAccess": { "path": "2f646174612f646174612f636f6d2e67752e61637469766974792f6170705f646174612f73746174652e73", "id": "65175142" } }
W/DroidBox( 1013): DroidBox: { "FileRW": { "operation": "read", "data": "5a", "id": "65175142" } }
W/dalvikvm( 1013): DroidBox: { "FdAccess": { "path": "2f646174612f646174612f636f6d2e67752e61637469766974792f6170705f646174612f73746174652e73", "id": "1349557082" } }
W/DroidBox( 1013): DroidBox: { "FileRW": { "operation": "read", "data": "0011", "id": "1349557082" } }
W/dalvikvm( 1013): DroidBox: { "FdAccess": { "path": "2f646174612f646174612f636f6d2e67752e61637469766974792f6170705f646174612f73746174652e73", "id": "1391401228" } }
W/DroidBox( 1013): DroidBox: { "FileRW": { "operation": "read", "data": "6c6f636174696f6e5265636f7264696e67", "id": "1391401228" } }
W/dalvikvm( 1013): DroidBox: { "FdAccess": { "path": "2f646174612f646174612f636f6d2e67752e61637469766974792f6170705f646174612f73746174652e73", "id": "385680572" } }
W/DroidBox( 1013): DroidBox: { "FileRW": { "operation": "read", "data": "5a", "id": "385680572" } }
W/dalvikvm( 1013): DroidBox: { "FdAccess": { "path": "2f646174612f646174612f636f6d2e67752e61637469766974792f6170705f646174612f73746174652e73", "id": "1333322916" } }
W/DroidBox( 1013): DroidBox: { "FileRW": { "operation": "read", "data": "000a", "id": "1333322916" } }
E/WVMExtractor(   61): Failed to open libwvm.so
W/dalvikvm( 1013): DroidBox: { "FdAccess": { "path": "2f646174612f646174612f636f6d2e67752e61637469766974792f6170705f646174612f73746174652e73", "id": "1271437144" } }
W/DroidBox( 1013): DroidBox: { "FileRW": { "operation": "read", "data": "6d6f62696c6544617461", "id": "1271437144" } }
W/dalvikvm( 1013): DroidBox: { "FdAccess": { "path": "2f646174612f646174612f636f6d2e67752e61637469766974792f6170705f646174612f73746174652e73", "id": "2018397795" } }
W/DroidBox( 1013): DroidBox: { "FileRW": { "operation": "read", "data": "5a", "id": "2018397795" } }
W/dalvikvm( 1013): DroidBox: { "FdAccess": { "path": "2f646174612f646174612f636f6d2e67752e61637469766974792f6170705f646174612f73746174652e73", "id": "910603910" } }
W/DroidBox( 1013): DroidBox: { "FileRW": { "operation": "read", "data": "0009", "id": "910603910" } }
W/dalvikvm( 1013): DroidBox: { "FdAccess": { "path": "2f646174612f646174612f636f6d2e67752e61637469766974792f6170705f646174612f73746174652e73", "id": "1713374340" } }
W/DroidBox( 1013): DroidBox: { "FileRW": { "operation": "read", "data": "6f6e43686172676572", "id": "1713374340" } }
W/dalvikvm( 1013): DroidBox: { "FdAccess": { "path": "2f646174612f646174612f636f6d2e67752e61637469766974792f6170705f646174612f73746174652e73", "id": "869185905" } }
W/DroidBox( 1013): DroidBox: { "FileRW": { "operation": "read", "data": "4a", "id": "869185905" } }
W/dalvikvm( 1013): DroidBox: { "FdAccess": { "path": "2f646174612f646174612f636f6d2e67752e61637469766974792f6170705f646174612f73746174652e73", "id": "1769569352" } }
W/DroidBox( 1013): DroidBox: { "FileRW": { "operation": "read", "data": "0012", "id": "1769569352" } }
W/dalvikvm( 1013): DroidBox: { "FdAccess": { "path": "2f646174612f646174612f636f6d2e67752e61637469766974792f6170705f646174612f73746174652e73", "id": "1423244032" } }
W/DroidBox( 1013): DroidBox: { "FileRW": { "operation": "read", "data": "7265636f7264696e67537461727454696d65", "id": "1423244032" } }
W/dalvikvm( 1013): DroidBox: { "FdAccess": { "path": "2f646174612f646174612f636f6d2e67752e61637469766974792f6170705f646174612f73746174652e73", "id": "1187350243" } }
W/DroidBox( 1013): DroidBox: { "FileRW": { "operation": "read", "data": "5a", "id": "1187350243" } }
W/dalvikvm( 1013): DroidBox: { "FdAccess": { "path": "2f646174612f646174612f636f6d2e67752e61637469766974792f6170705f646174612f73746174652e73", "id": "1124483055" } }
W/DroidBox( 1013): DroidBox: { "FileRW": { "operation": "read", "data": "000c", "id": "1124483055" } }
W/dalvikvm( 1013): DroidBox: { "FdAccess": { "path": "2f646174612f646174612f636f6d2e67752e61637469766974792f6170705f646174612f73746174652e73", "id": "947036306" } }
W/DroidBox( 1013): DroidBox: { "FileRW": { "operation": "read", "data": "7361766550617373776f7264", "id": "947036306" } }
W/dalvikvm( 1013): DroidBox: { "FdAccess": { "path": "2f646174612f646174612f636f6d2e67752e61637469766974792f6170705f646174612f73746174652e73", "id": "1658859159" } }
W/DroidBox( 1013): DroidBox: { "FileRW": { "operation": "read", "data": "4a", "id": "1658859159" } }
W/dalvikvm( 1013): DroidBox: { "FdAccess": { "path": "2f646174612f646174612f636f6d2e67752e61637469766974792f6170705f646174612f73746174652e73", "id": "907283660" } }
W/DroidBox( 1013): DroidBox: { "FileRW": { "operation": "read", "data": "0011", "id": "907283660" } }
W/dalvikvm( 1013): DroidBox: { "FdAccess": { "path": "2f646174612f646174612f636f6d2e67752e61637469766974792f6170705f646174612f73746174652e73", "id": "1878568765" } }
W/DroidBox( 1013): DroidBox: { "FileRW": { "operation": "read", "data": "73746f705265636f7264696e6754696d65", "id": "1878568765" } }
W/dalvikvm( 1013): DroidBox: { "FdAccess": { "path": "2f646174612f646174612f636f6d2e67752e61637469766974792f6170705f646174612f73746174652e73", "id": "1970593212" } }
W/DroidBox( 1013): DroidBox: { "FileRW": { "operation": "read", "data": "5a", "id": "1970593212" } }
E/WVMExtractor(   61): Failed to open libwvm.so
W/dalvikvm( 1013): DroidBox: { "FdAccess": { "path": "2f646174612f646174612f636f6d2e67752e61637469766974792f6170705f646174612f73746174652e73", "id": "589614058" } }
W/DroidBox( 1013): DroidBox: { "FileRW": { "operation": "read", "data": "0009", "id": "589614058" } }
W/dalvikvm( 1013): DroidBox: { "FdAccess": { "path": "2f646174612f646174612f636f6d2e67752e61637469766974792f6170705f646174612f73746174652e73", "id": "1420342659" } }
W/DroidBox( 1013): DroidBox: { "FileRW": { "operation": "read", "data": "73757370656e646564", "id": "1420342659" } }
W/dalvikvm( 1013): DroidBox: { "FdAccess": { "path": "2f646174612f646174612f636f6d2e67752e61637469766974792f6170705f646174612f73746174652e73", "id": "176640194" } }
W/DroidBox( 1013): DroidBox: { "FileRW": { "operation": "read", "data": "4a", "id": "176640194" } }
W/dalvikvm( 1013): DroidBox: { "FdAccess": { "path": "2f646174612f646174612f636f6d2e67752e61637469766974792f6170705f646174612f73746174652e73", "id": "806906192" } }
W/DroidBox( 1013): DroidBox: { "FileRW": { "operation": "read", "data": "000e", "id": "806906192" } }
W/dalvikvm( 1013): DroidBox: { "FdAccess": { "path": "2f646174612f646174612f636f6d2e67752e61637469766974792f6170705f646174612f73746174652e73", "id": "1910870964" } }
W/DroidBox( 1013): DroidBox: { "FileRW": { "operation": "read", "data": "746f74616c446174615573616765", "id": "1910870964" } }
W/dalvikvm( 1013): DroidBox: { "FdAccess": { "path": "2f646174612f646174612f636f6d2e67752e61637469766974792f6170705f646174612f73746174652e73", "id": "2095587918" } }
W/DroidBox( 1013): DroidBox: { "FileRW": { "operation": "read", "data": "5a", "id": "2095587918" } }
E/WVMExtractor(   61): Failed to open libwvm.so
W/dalvikvm( 1013): DroidBox: { "FdAccess": { "path": "2f646174612f646174612f636f6d2e67752e61637469766974792f6170705f646174612f73746174652e73", "id": "1854743977" } }
W/DroidBox( 1013): DroidBox: { "FileRW": { "operation": "read", "data": "000e", "id": "1854743977" } }
W/dalvikvm( 1013): DroidBox: { "FdAccess": { "path": "2f646174612f646174612f636f6d2e67752e61637469766974792f6170705f646174612f73746174652e73", "id": "650940232" } }
W/DroidBox( 1013): DroidBox: { "FileRW": { "operation": "read", "data": "766964656f5265636f7264696e67", "id": "650940232" } }
W/dalvikvm( 1013): DroidBox: { "FdAccess": { "path": "2f646174612f646174612f636f6d2e67752e61637469766974792f6170705f646174612f73746174652e73", "id": "181574818" } }
W/DroidBox( 1013): DroidBox: { "FileRW": { "operation": "read", "data": "5a", "id": "181574818" } }
W/dalvikvm( 1013): DroidBox: { "FdAccess": { "path": "2f646174612f646174612f636f6d2e67752e61637469766974792f6170705f646174612f73746174652e73", "id": "129733206" } }
W/DroidBox( 1013): DroidBox: { "FileRW": { "operation": "read", "data": "0017", "id": "129733206" } }
W/dalvikvm( 1013): DroidBox: { "FdAccess": { "path": "2f646174612f646174612f636f6d2e67752e61637469766974792f6170705f646174612f73746174652e73", "id": "579757617" } }
W/DroidBox( 1013): DroidBox: { "FileRW": { "operation": "read", "data": "77616974466f72416d6269656e745265636f7264696e67", "id": "579757617" } }
W/dalvikvm( 1013): DroidBox: { "FdAccess": { "path": "2f646174612f646174612f636f6d2e67752e61637469766974792f6170705f646174612f73746174652e73", "id": "1623750900" } }
W/DroidBox( 1013): DroidBox: { "FileRW": { "operation": "read", "data": "4c", "id": "1623750900" } }
W/dalvikvm( 1013): DroidBox: { "FdAccess": { "path": "2f646174612f646174612f636f6d2e67752e61637469766974792f6170705f646174612f73746174652e73", "id": "1537576642" } }
W/DroidBox( 1013): DroidBox: { "FileRW": { "operation": "read", "data": "0008", "id": "1537576642" } }
W/dalvikvm( 1013): DroidBox: { "FdAccess": { "path": "2f646174612f646174612f636f6d2e67752e61637469766974792f6170705f646174612f73746174652e73", "id": "605061731" } }
W/DroidBox( 1013): DroidBox: { "FileRW": { "operation": "read", "data": "636f6e6669674964", "id": "605061731" } }
W/dalvikvm( 1013): DroidBox: { "FdAccess": { "path": "2f646174612f646174612f636f6d2e67752e61637469766974792f6170705f646174612f73746174652e73", "id": "698625272" } }
W/DroidBox( 1013): DroidBox: { "FileRW": { "operation": "read", "data": "74", "id": "698625272" } }
W/dalvikvm( 1013): DroidBox: { "FdAccess": { "path": "2f646174612f646174612f636f6d2e67752e61637469766974792f6170705f646174612f73746174652e73", "id": "1844790882" } }
W/DroidBox( 1013): DroidBox: { "FileRW": { "operation": "read", "data": "0012", "id": "1844790882" } }
W/dalvikvm( 1013): DroidBox: { "FdAccess": { "path": "2f646174612f646174612f636f6d2e67752e61637469766974792f6170705f646174612f73746174652e73", "id": "1501280556" } }
W/DroidBox( 1013): DroidBox: { "FileRW": { "operation": "read", "data": "4c6a6176612f6c616e672f537472696e673b", "id": "1501280556" } }
W/dalvikvm( 1013): DroidBox: { "FdAccess": { "path": "2f646174612f646174612f636f6d2e67752e61637469766974792f6170705f646174612f73746174652e73", "id": "145941296" } }
W/DroidBox( 1013): DroidBox: { "FileRW": { "operation": "read", "data": "4c", "id": "145941296" } }
W/dalvikvm( 1013): DroidBox: { "FdAccess": { "path": "2f646174612f646174612f636f6d2e67752e61637469766974792f6170705f646174612f73746174652e73", "id": "590211622" } }
W/DroidBox( 1013): DroidBox: { "FileRW": { "operation": "read", "data": "000c", "id": "590211622" } }
W/dalvikvm( 1013): DroidBox: { "FdAccess": { "path": "2f646174612f646174612f636f6d2e67752e61637469766974792f6170705f646174612f73746174652e73", "id": "175765693" } }
W/DroidBox( 1013): DroidBox: { "FileRW": { "operation": "read", "data": "636f6e666967537472696e67", "id": "175765693" } }
W/dalvikvm( 1013): DroidBox: { "FdAccess": { "path": "2f646174612f646174612f636f6d2e67752e61637469766974792f6170705f646174612f73746174652e73", "id": "1253748986" } }
W/DroidBox( 1013): DroidBox: { "FileRW": { "operation": "read", "data": "71", "id": "1253748986" } }
W/dalvikvm( 1013): DroidBox: { "FdAccess": { "path": "2f646174612f646174612f636f6d2e67752e61637469766974792f6170705f646174612f73746174652e73", "id": "1852617209" } }
W/DroidBox( 1013): DroidBox: { "FileRW": { "operation": "read", "data": "007e0001", "id": "1852617209" } }
D/PackageManager(  221): generateServicesMap(android.accounts.AccountAuthenticator): 2 services unchanged
D/PackageManager(  221): generateServicesMap(android.content.SyncAdapter): 4 services unchanged
I/InputReader(  221): Reconfiguring input devices.  changes=0x00000010
W/dalvikvm( 1013): DroidBox: { "FdAccess": { "path": "2f646174612f646174612f636f6d2e67752e61637469766974792f6170705f646174612f73746174652e73", "id": "207629086" } }
W/DroidBox( 1013): DroidBox: { "FileRW": { "operation": "read", "data": "4c", "id": "207629086" } }
W/dalvikvm( 1013): DroidBox: { "FdAccess": { "path": "2f646174612f646174612f636f6d2e67752e61637469766974792f6170705f646174612f73746174652e73", "id": "1519515063" } }
W/DroidBox( 1013): DroidBox: { "FileRW": { "operation": "read", "data": "0004", "id": "1519515063" } }
W/dalvikvm( 1013): DroidBox: { "FdAccess": { "path": "2f646174612f646174612f636f6d2e67752e61637469766974792f6170705f646174612f73746174652e73", "id": "1036504438" } }
W/DroidBox( 1013): DroidBox: { "FileRW": { "operation": "read", "data": "64617465", "id": "1036504438" } }
W/dalvikvm( 1013): DroidBox: { "FdAccess": { "path": "2f646174612f646174612f636f6d2e67752e61637469766974792f6170705f646174612f73746174652e73", "id": "426695280" } }
W/DroidBox( 1013): DroidBox: { "FileRW": { "operation": "read", "data": "71", "id": "426695280" } }
W/dalvikvm( 1013): DroidBox: { "FdAccess": { "path": "2f646174612f646174612f636f6d2e67752e61637469766974792f6170705f646174612f73746174652e73", "id": "676505868" } }
W/DroidBox( 1013): DroidBox: { "FileRW": { "operation": "read", "data": "007e0001", "id": "676505868" } }
W/dalvikvm( 1013): DroidBox: { "FdAccess": { "path": "2f646174612f646174612f636f6d2e67752e61637469766974792f6170705f646174612f73746174652e73", "id": "1931203649" } }
W/DroidBox( 1013): DroidBox: { "FileRW": { "operation": "read", "data": "4c", "id": "1931203649" } }
W/dalvikvm( 1013): DroidBox: { "FdAccess": { "path": "2f646174612f646174612f636f6d2e67752e61637469766974792f6170705f646174612f73746174652e73", "id": "1478806306" } }
W/DroidBox( 1013): DroidBox: { "FileRW": { "operation": "read", "data": "0010", "id": "1478806306" } }
E/WVMExtractor(   61): Failed to open libwvm.so
W/dalvikvm( 1013): DroidBox: { "FdAccess": { "path": "2f646174612f646174612f636f6d2e67752e61637469766974792f6170705f646174612f73746174652e73", "id": "1107444797" } }
W/DroidBox( 1013): DroidBox: { "FileRW": { "operation": "read", "data": "64617974696d655265636f7264696e67", "id": "1107444797" } }
I/AccountTypeManager(  655): Loaded meta-data for 1 account types, 0 accounts in 65ms(wall) 0ms(cpu)
W/dalvikvm( 1013): DroidBox: { "FdAccess": { "path": "2f646174612f646174612f636f6d2e67752e61637469766974792f6170705f646174612f73746174652e73", "id": "1647992209" } }
W/DroidBox( 1013): DroidBox: { "FileRW": { "operation": "read", "data": "74", "id": "1647992209" } }
W/dalvikvm( 1013): DroidBox: { "FdAccess": { "path": "2f646174612f646174612f636f6d2e67752e61637469766974792f6170705f646174612f73746174652e73", "id": "1251980048" } }
W/dalvikvm(  858): DroidBox: { "FdAccess": { "path": "2f646174612f646174612f636f6d2e616e64726f69642e67616c6c65727933642f7368617265645f70726566732f636f6d2e616e64726f69642e67616c6c65727933645f707265666572656e6365732e786d6c", "id": "315571091" } }
W/DroidBox(  858): DroidBox: { "FileRW": { "operation": "write", "data": "3c3f786d6c2076657273696f6e3d27312e302720656e636f64696e673d277574662d3827207374616e64616c6f6e653d2779657327203f3e0a3c6d61703e0a3c696e74206e616d653d227061636b616765732d76657273696f6e222076616c75653d2237", "id": "315571091" } }
W/DroidBox( 1013): DroidBox: { "FileRW": { "operation": "read", "data": "0013", "id": "1251980048" } }
W/dalvikvm( 1013): DroidBox: { "FdAccess": { "path": "2f646174612f646174612f636f6d2e67752e61637469766974792f6170705f646174612f73746174652e73", "id": "1715713232" } }
W/DroidBox( 1013): DroidBox: { "FileRW": { "operation": "read", "data": "4c6a6176612f7574696c2f486173685365743b", "id": "1715713232" } }
W/dalvikvm( 1013): DroidBox: { "FdAccess": { "path": "2f646174612f646174612f636f6d2e67752e61637469766974792f6170705f646174612f73746174652e73", "id": "494852030" } }
W/DroidBox( 1013): DroidBox: { "FileRW": { "operation": "read", "data": "4c", "id": "494852030" } }
W/dalvikvm( 1013): DroidBox: { "FdAccess": { "path": "2f646174612f646174612f636f6d2e67752e61637469766974792f6170705f646174612f73746174652e73", "id": "772383344" } }
W/DroidBox( 1013): DroidBox: { "FileRW": { "operation": "read", "data": "0007", "id": "772383344" } }
W/dalvikvm( 1013): DroidBox: { "FdAccess": { "path": "2f646174612f646174612f636f6d2e67752e61637469766974792f6170705f646174612f73746174652e73", "id": "1169357025" } }
W/DroidBox( 1013): DroidBox: { "FileRW": { "operation": "read", "data": "757365724d6170", "id": "1169357025" } }
W/dalvikvm( 1013): DroidBox: { "FdAccess": { "path": "2f646174612f646174612f636f6d2e67752e61637469766974792f6170705f646174612f73746174652e73", "id": "634000042" } }
W/DroidBox( 1013): DroidBox: { "FileRW": { "operation": "read", "data": "74", "id": "634000042" } }
W/dalvikvm( 1013): DroidBox: { "FdAccess": { "path": "2f646174612f646174612f636f6d2e67752e61637469766974792f6170705f646174612f73746174652e73", "id": "264555037" } }
W/DroidBox( 1013): DroidBox: { "FileRW": { "operation": "read", "data": "0013", "id": "264555037" } }
W/dalvikvm( 1013): DroidBox: { "FdAccess": { "path": "2f646174612f646174612f636f6d2e67752e61637469766974792f6170705f646174612f73746174652e73", "id": "1195833819" } }
W/DroidBox( 1013): DroidBox: { "FileRW": { "operation": "read", "data": "4c6a6176612f7574696c2f486173684d61703b", "id": "1195833819" } }
W/dalvikvm( 1013): DroidBox: { "FdAccess": { "path": "2f646174612f646174612f636f6d2e67752e61637469766974792f6170705f646174612f73746174652e73", "id": "999205716" } }
W/DroidBox( 1013): DroidBox: { "FileRW": { "operation": "read", "data": "78", "id": "999205716" } }
W/dalvikvm( 1013): DroidBox: { "FdAccess": { "path": "2f646174612f646174612f636f6d2e67752e61637469766974792f6170705f646174612f73746174652e73", "id": "1070953039" } }
W/DroidBox( 1013): DroidBox: { "FileRW": { "operation": "read", "data": "70", "id": "1070953039" } }
W/dalvikvm( 1013): DroidBox: { "FdAccess": { "path": "2f646174612f646174612f636f6d2e67752e61637469766974792f6170705f646174612f73746174652e73", "id": "923891344" } }
W/DroidBox( 1013): DroidBox: { "FileRW": { "operation": "read", "data": "00", "id": "923891344" } }
W/dalvikvm( 1013): DroidBox: { "FdAccess": { "path": "2f646174612f646174612f636f6d2e67752e61637469766974792f6170705f646174612f73746174652e73", "id": "674438946" } }
W/DroidBox( 1013): DroidBox: { "FileRW": { "operation": "read", "data": "00", "id": "674438946" } }
W/dalvikvm( 1013): DroidBox: { "FdAccess": { "path": "2f646174612f646174612f636f6d2e67752e61637469766974792f6170705f646174612f73746174652e73", "id": "1161690843" } }
W/DroidBox( 1013): DroidBox: { "FileRW": { "operation": "read", "data": "000000000000000a", "id": "1161690843" } }
W/dalvikvm( 1013): DroidBox: { "FdAccess": { "path": "2f646174612f646174612f636f6d2e67752e61637469766974792f6170705f646174612f73746174652e73", "id": "1543757044" } }
W/DroidBox( 1013): DroidBox: { "FileRW": { "operation": "read", "data": "0000000006400000", "id": "1543757044" } }
W/dalvikvm( 1013): DroidBox: { "FdAccess": { "path": "2f646174612f646174612f636f6d2e67752e61637469766974792f6170705f646174612f73746174652e73", "id": "968737137" } }
W/DroidBox( 1013): DroidBox: { "FileRW": { "operation": "read", "data": "0000000006400000", "id": "968737137" } }
W/dalvikvm( 1013): DroidBox: { "FdAccess": { "path": "2f646174612f646174612f636f6d2e67752e61637469766974792f6170705f646174612f73746174652e73", "id": "1977897390" } }
W/DroidBox( 1013): DroidBox: { "FileRW": { "operation": "read", "data": "0000000000000000", "id": "1977897390" } }
W/dalvikvm( 1013): DroidBox: { "FdAccess": { "path": "2f646174612f646174612f636f6d2e67752e61637469766974792f6170705f646174612f73746174652e73", "id": "165568234" } }
W/DroidBox( 1013): DroidBox: { "FileRW": { "operation": "read", "data": "00", "id": "165568234" } }
W/dalvikvm( 1013): DroidBox: { "FdAccess": { "path": "2f646174612f646174612f636f6d2e67752e61637469766974792f6170705f646174612f73746174652e73", "id": "56632316" } }
W/DroidBox( 1013): DroidBox: { "FileRW": { "operation": "read", "data": "00", "id": "56632316" } }
W/dalvikvm( 1013): DroidBox: { "FdAccess": { "path": "2f646174612f646174612f636f6d2e67752e61637469766974792f6170705f646174612f73746174652e73", "id": "1603900890" } }
W/DroidBox( 1013): DroidBox: { "FileRW": { "operation": "read", "data": "00", "id": "1603900890" } }
W/dalvikvm( 1013): DroidBox: { "FdAccess": { "path": "2f646174612f646174612f636f6d2e67752e61637469766974792f6170705f646174612f73746174652e73", "id": "127485317" } }
W/DroidBox( 1013): DroidBox: { "FileRW": { "operation": "read", "data": "00", "id": "127485317" } }
W/dalvikvm( 1013): DroidBox: { "FdAccess": { "path": "2f646174612f646174612f636f6d2e67752e61637469766974792f6170705f646174612f73746174652e73", "id": "1491820751" } }
W/DroidBox( 1013): DroidBox: { "FileRW": { "operation": "read", "data": "0000000000000000", "id": "1491820751" } }
W/dalvikvm( 1013): DroidBox: { "FdAccess": { "path": "2f646174612f646174612f636f6d2e67752e61637469766974792f6170705f646174612f73746174652e73", "id": "1345555524" } }
W/DroidBox( 1013): DroidBox: { "FileRW": { "operation": "read", "data": "00", "id": "1345555524" } }
W/dalvikvm( 1013): DroidBox: { "FdAccess": { "path": "2f646174612f646174612f636f6d2e67752e61637469766974792f6170705f646174612f73746174652e73", "id": "215344342" } }
W/DroidBox( 1013): DroidBox: { "FileRW": { "operation": "read", "data": "0000000000000000", "id": "215344342" } }
W/dalvikvm( 1013): DroidBox: { "FdAccess": { "path": "2f646174612f646174612f636f6d2e67752e61637469766974792f6170705f646174612f73746174652e73", "id": "1647944613" } }
W/DroidBox( 1013): DroidBox: { "FileRW": { "operation": "read", "data": "00", "id": "1647944613" } }
W/dalvikvm( 1013): DroidBox: { "FdAccess": { "path": "2f646174612f646174612f636f6d2e67752e61637469766974792f6170705f646174612f73746174652e73", "id": "116294989" } }
W/DroidBox( 1013): DroidBox: { "FileRW": { "operation": "read", "data": "0000000000000000", "id": "116294989" } }
W/dalvikvm( 1013): DroidBox: { "FdAccess": { "path": "2f646174612f646174612f636f6d2e67752e61637469766974792f6170705f646174612f73746174652e73", "id": "1675237085" } }
W/DroidBox( 1013): DroidBox: { "FileRW": { "operation": "read", "data": "00", "id": "1675237085" } }
W/dalvikvm( 1013): DroidBox: { "FdAccess": { "path": "2f646174612f646174612f636f6d2e67752e61637469766974792f6170705f646174612f73746174652e73", "id": "473703088" } }
W/DroidBox( 1013): DroidBox: { "FileRW": { "operation": "read", "data": "00", "id": "473703088" } }
W/dalvikvm( 1013): DroidBox: { "FdAccess": { "path": "2f646174612f646174612f636f6d2e67752e61637469766974792f6170705f646174612f73746174652e73", "id": "127945880" } }
W/DroidBox( 1013): DroidBox: { "FileRW": { "operation": "read", "data": "70", "id": "127945880" } }
W/dalvikvm( 1013): DroidBox: { "FdAccess": { "path": "2f646174612f646174612f636f6d2e67752e61637469766974792f6170705f646174612f73746174652e73", "id": "1389554547" } }
W/DroidBox( 1013): DroidBox: { "FileRW": { "operation": "read", "data": "70", "id": "1389554547" } }
W/dalvikvm( 1013): DroidBox: { "FdAccess": { "path": "2f646174612f646174612f636f6d2e67752e61637469766974792f6170705f646174612f73746174652e73", "id": "1858727947" } }
W/DroidBox( 1013): DroidBox: { "FileRW": { "operation": "read", "data": "70", "id": "1858727947" } }
W/dalvikvm( 1013): DroidBox: { "FdAccess": { "path": "2f646174612f646174612f636f6d2e67752e61637469766974792f6170705f646174612f73746174652e73", "id": "198713085" } }
W/DroidBox( 1013): DroidBox: { "FileRW": { "operation": "read", "data": "73", "id": "198713085" } }
W/dalvikvm( 1013): DroidBox: { "FdAccess": { "path": "2f646174612f646174612f636f6d2e67752e61637469766974792f6170705f646174612f73746174652e73", "id": "1846544380" } }
W/DroidBox( 1013): DroidBox: { "FileRW": { "operation": "read", "data": "72", "id": "1846544380" } }
W/dalvikvm( 1013): DroidBox: { "FdAccess": { "path": "2f646174612f646174612f636f6d2e67752e61637469766974792f6170705f646174612f73746174652e73", "id": "1668680274" } }
W/DroidBox( 1013): DroidBox: { "FileRW": { "operation": "read", "data": "0011", "id": "1668680274" } }
W/dalvikvm( 1013): DroidBox: { "FdAccess": { "path": "2f646174612f646174612f636f6d2e67752e61637469766974792f6170705f646174612f73746174652e73", "id": "1292332280" } }
W/DroidBox( 1013): DroidBox: { "FileRW": { "operation": "read", "data": "6a6176612e7574696c2e48617368536574", "id": "1292332280" } }
W/dalvikvm( 1013): DroidBox: { "FdAccess": { "path": "2f646174612f646174612f636f6d2e67752e61637469766974792f6170705f646174612f73746174652e73", "id": "1664643279" } }
W/DroidBox( 1013): DroidBox: { "FileRW": { "operation": "read", "data": "efbfbd44efbfbdefbfbdefbfbdefbfbdefbfbd34", "id": "1664643279" } }
W/dalvikvm( 1013): DroidBox: { "FdAccess": { "path": "2f646174612f646174612f636f6d2e67752e61637469766974792f6170705f646174612f73746174652e73", "id": "583528027" } }
W/DroidBox( 1013): DroidBox: { "FileRW": { "operation": "read", "data": "03", "id": "583528027" } }
W/dalvikvm( 1013): DroidBox: { "FdAccess": { "path": "2f646174612f646174612f636f6d2e67752e61637469766974792f6170705f646174612f73746174652e73", "id": "1132296865" } }
W/DroidBox( 1013): DroidBox: { "FileRW": { "operation": "read", "data": "0000", "id": "1132296865" } }
W/dalvikvm( 1013): DroidBox: { "FdAccess": { "path": "2f646174612f646174612f636f6d2e67752e61637469766974792f6170705f646174612f73746174652e73", "id": "991181607" } }
W/DroidBox( 1013): DroidBox: { "FileRW": { "operation": "read", "data": "78", "id": "991181607" } }
W/dalvikvm( 1013): DroidBox: { "FdAccess": { "path": "2f646174612f646174612f636f6d2e67752e61637469766974792f6170705f646174612f73746174652e73", "id": "1665417516" } }
W/DroidBox( 1013): DroidBox: { "FileRW": { "operation": "read", "data": "70", "id": "1665417516" } }
E/WVMExtractor(   61): Failed to open libwvm.so
W/dalvikvm( 1013): DroidBox: { "FdAccess": { "path": "2f646174612f646174612f636f6d2e67752e61637469766974792f6170705f646174612f73746174652e73", "id": "1654514273" } }
W/DroidBox( 1013): DroidBox: { "FileRW": { "operation": "read", "data": "77", "id": "1654514273" } }
W/dalvikvm( 1013): DroidBox: { "FdAccess": { "path": "2f646174612f646174612f636f6d2e67752e61637469766974792f6170705f646174612f73746174652e73", "id": "959512928" } }
W/DroidBox( 1013): DroidBox: { "FileRW": { "operation": "read", "data": "0c", "id": "959512928" } }
W/dalvikvm( 1013): DroidBox: { "FdAccess": { "path": "2f646174612f646174612f636f6d2e67752e61637469766974792f6170705f646174612f73746174652e73", "id": "1503082905" } }
W/DroidBox( 1013): DroidBox: { "FileRW": { "operation": "read", "data": "000000023f40000000000000", "id": "1503082905" } }
W/dalvikvm( 1013): DroidBox: { "FdAccess": { "path": "2f646174612f646174612f636f6d2e67752e61637469766974792f6170705f646174612f73746174652e73", "id": "276877780" } }
W/DroidBox( 1013): DroidBox: { "FileRW": { "operation": "read", "data": "78", "id": "276877780" } }
W/dalvikvm( 1013): DroidBox: { "FdAccess": { "path": "2f646174612f646174612f636f6d2e67752e61637469766974792f6170705f646174612f73746174652e73", "id": "1108022398" } }
W/DroidBox( 1013): DroidBox: { "FileRW": { "operation": "read", "data": "73", "id": "1108022398" } }
W/dalvikvm( 1013): DroidBox: { "FdAccess": { "path": "2f646174612f646174612f636f6d2e67752e61637469766974792f6170705f646174612f73746174652e73", "id": "200543563" } }
W/DroidBox( 1013): DroidBox: { "FileRW": { "operation": "read", "data": "72", "id": "200543563" } }
W/dalvikvm( 1013): DroidBox: { "FdAccess": { "path": "2f646174612f646174612f636f6d2e67752e61637469766974792f6170705f646174612f73746174652e73", "id": "1311133099" } }
W/DroidBox( 1013): DroidBox: { "FileRW": { "operation": "read", "data": "0011", "id": "1311133099" } }
W/dalvikvm( 1013): DroidBox: { "FdAccess": { "path": "2f646174612f646174612f636f6d2e67752e61637469766974792f6170705f646174612f73746174652e73", "id": "936507089" } }
W/DroidBox( 1013): DroidBox: { "FileRW": { "operation": "read", "data": "6a6176612e7574696c2e486173684d6170", "id": "936507089" } }
W/dalvikvm( 1013): DroidBox: { "FdAccess": { "path": "2f646174612f646174612f636f6d2e67752e61637469766974792f6170705f646174612f73746174652e73", "id": "255181763" } }
W/DroidBox( 1013): DroidBox: { "FileRW": { "operation": "read", "data": "0507efbfbdefbfbdefbfbd1660efbfbd", "id": "255181763" } }
W/dalvikvm( 1013): DroidBox: { "FdAccess": { "path": "2f646174612f646174612f636f6d2e67752e61637469766974792f6170705f646174612f73746174652e73", "id": "830219134" } }
W/DroidBox( 1013): DroidBox: { "FileRW": { "operation": "read", "data": "03", "id": "830219134" } }
W/dalvikvm( 1013): DroidBox: { "FdAccess": { "path": "2f646174612f646174612f636f6d2e67752e61637469766974792f6170705f646174612f73746174652e73", "id": "195277025" } }
W/DroidBox( 1013): DroidBox: { "FileRW": { "operation": "read", "data": "0001", "id": "195277025" } }
W/dalvikvm( 1013): DroidBox: { "FdAccess": { "path": "2f646174612f646174612f636f6d2e67752e61637469766974792f6170705f646174612f73746174652e73", "id": "494602376" } }
W/DroidBox( 1013): DroidBox: { "FileRW": { "operation": "read", "data": "46", "id": "494602376" } }
W/dalvikvm( 1013): DroidBox: { "FdAccess": { "path": "2f646174612f646174612f636f6d2e67752e61637469766974792f6170705f646174612f73746174652e73", "id": "1235198260" } }
W/DroidBox( 1013): DroidBox: { "FileRW": { "operation": "read", "data": "000a", "id": "1235198260" } }
W/dalvikvm( 1013): DroidBox: { "FdAccess": { "path": "2f646174612f646174612f636f6d2e67752e61637469766974792f6170705f646174612f73746174652e73", "id": "1394276183" } }
W/DroidBox( 1013): DroidBox: { "FileRW": { "operation": "read", "data": "6c6f6164466163746f72", "id": "1394276183" } }
W/dalvikvm( 1013): DroidBox: { "FdAccess": { "path": "2f646174612f646174612f636f6d2e67752e61637469766974792f6170705f646174612f73746174652e73", "id": "340029473" } }
W/DroidBox( 1013): DroidBox: { "FileRW": { "operation": "read", "data": "78", "id": "340029473" } }
W/dalvikvm( 1013): DroidBox: { "FdAccess": { "path": "2f646174612f646174612f636f6d2e67752e61637469766974792f6170705f646174612f73746174652e73", "id": "1262411540" } }
W/DroidBox( 1013): DroidBox: { "FileRW": { "operation": "read", "data": "70", "id": "1262411540" } }
W/dalvikvm( 1013): DroidBox: { "FdAccess": { "path": "2f646174612f646174612f636f6d2e67752e61637469766974792f6170705f646174612f73746174652e73", "id": "765846775" } }
W/DroidBox( 1013): DroidBox: { "FileRW": { "operation": "read", "data": "3f400000", "id": "765846775" } }
W/dalvikvm( 1013): DroidBox: { "FdAccess": { "path": "2f646174612f646174612f636f6d2e67752e61637469766974792f6170705f646174612f73746174652e73", "id": "1734299380" } }
W/DroidBox( 1013): DroidBox: { "FileRW": { "operation": "read", "data": "77", "id": "1734299380" } }
W/dalvikvm( 1013): DroidBox: { "FdAccess": { "path": "2f646174612f646174612f636f6d2e67752e61637469766974792f6170705f646174612f73746174652e73", "id": "279444097" } }
W/DroidBox( 1013): DroidBox: { "FileRW": { "operation": "read", "data": "08", "id": "279444097" } }
W/dalvikvm( 1013): DroidBox: { "FdAccess": { "path": "2f646174612f646174612f636f6d2e67752e61637469766974792f6170705f646174612f73746174652e73", "id": "1124755783" } }
W/DroidBox( 1013): DroidBox: { "FileRW": { "operation": "read", "data": "0000000200000000", "id": "1124755783" } }
W/dalvikvm( 1013): DroidBox: { "FdAccess": { "path": "2f646174612f646174612f636f6d2e67752e61637469766974792f6170705f646174612f73746174652e73", "id": "1362831386" } }
W/DroidBox( 1013): DroidBox: { "FileRW": { "operation": "read", "data": "78", "id": "1362831386" } }
W/System.err( 1013): java.lang.IllegalArgumentException: Unknown pattern character 'Y'
W/System.err( 1013): 	at java.text.SimpleDateFormat.validateFormat(SimpleDateFormat.java:268)
W/System.err( 1013): 	at java.text.SimpleDateFormat.validatePattern(SimpleDateFormat.java:323)
W/System.err( 1013): 	at java.text.SimpleDateFormat.<init>(SimpleDateFormat.java:369)
W/System.err( 1013): 	at java.text.SimpleDateFormat.<init>(SimpleDateFormat.java:253)
W/System.err( 1013): 	at com.gu.util.Common.formatTime(Common.java:2152)
W/System.err( 1013): 	at com.gu.util.Common.currentTime(Common.java:2040)
W/System.err( 1013): 	at com.gu.TkcAndroidState.setInstance(TkcAndroidState.java:76)
W/System.err( 1013): 	at com.gu.util.Common.<clinit>(Common.java:252)
W/System.err( 1013): 	at com.gu.MainService.onCreate(MainService.java:387)
W/System.err( 1013): 	at android.app.ActivityThread.handleCreateService(ActivityThread.java:2363)
W/System.err( 1013): 	at android.app.ActivityThread.access$1600(ActivityThread.java:130)
W/System.err( 1013): 	at android.app.ActivityThread$H.handleMessage(ActivityThread.java:1277)
W/System.err( 1013): 	at android.os.Handler.dispatchMessage(Handler.java:99)
W/System.err( 1013): 	at android.os.Looper.loop(Looper.java:137)
W/System.err( 1013): 	at android.app.ActivityThread.main(ActivityThread.java:4745)
W/System.err( 1013): 	at java.lang.reflect.Method.invokeNative(Native Method)
W/System.err( 1013): 	at java.lang.reflect.Method.invoke(Method.java:511)
W/System.err( 1013): 	at com.android.internal.os.ZygoteInit$MethodAndArgsCaller.run(ZygoteInit.java:786)
W/System.err( 1013): 	at com.android.internal.os.ZygoteInit.main(ZygoteInit.java:553)
W/System.err( 1013): 	at dalvik.system.NativeStart.main(Native Method)
