W/dalvikvm( 1013): DroidBox: { "FdAccess": { "path": "2f646174612f646174612f636f6d2e67752e61637469766974792f6170705f646174612f75736572732e73", "id": "1363705003" } }
W/DroidBox( 1013): DroidBox: { "FileRW": { "operation": "read", "data": "efbfbdefbfbd", "id": "1363705003" } }
W/dalvikvm( 1013): DroidBox: { "FdAccess": { "path": "2f646174612f646174612f636f6d2e67752e61637469766974792f6170705f646174612f75736572732e73", "id": "1289146559" } }
W/DroidBox( 1013): DroidBox: { "FileRW": { "operation": "read", "data": "0005", "id": "1289146559" } }
W/dalvikvm( 1013): DroidBox: { "FdAccess": { "path": "2f646174612f646174612f636f6d2e67752e61637469766974792f6170705f646174612f75736572732e73", "id": "2014026831" } }
W/DroidBox( 1013): DroidBox: { "FileRW": { "operation": "read", "data": "73", "id": "2014026831" } }
W/dalvikvm( 1013): DroidBox: { "FdAccess": { "path": "2f646174612f646174612f636f6d2e67752e61637469766974792f6170705f646174612f75736572732e73", "id": "24828478" } }
W/DroidBox( 1013): DroidBox: { "FileRW": { "operation": "read", "data": "72", "id": "24828478" } }
W/dalvikvm( 1013): DroidBox: { "FdAccess": { "path": "2f646174612f646174612f636f6d2e67752e61637469766974792f6170705f646174612f75736572732e73", "id": "2018724710" } }
W/DroidBox( 1013): DroidBox: { "FileRW": { "operation": "read", "data": "0015", "id": "2018724710" } }
W/dalvikvm( 1013): DroidBox: { "FdAccess": { "path": "2f646174612f646174612f636f6d2e67752e61637469766974792f6170705f646174612f75736572732e73", "id": "1297221977" } }
W/DroidBox( 1013): DroidBox: { "FileRW": { "operation": "read", "data": "636f6d2e67752e55736572436f6e74726f6c6c6572", "id": "1297221977" } }
E/WVMExtractor(   61): Failed to open libwvm.so
W/dalvikvm( 1013): DroidBox: { "FdAccess": { "path": "2f646174612f646174612f636f6d2e67752e61637469766974792f6170705f646174612f75736572732e73", "id": "948793786" } }
W/DroidBox( 1013): DroidBox: { "FileRW": { "operation": "read", "data": "0000000000000001", "id": "948793786" } }
W/dalvikvm( 1013): DroidBox: { "FdAccess": { "path": "2f646174612f646174612f636f6d2e67752e61637469766974792f6170705f646174612f75736572732e73", "id": "740316618" } }
W/DroidBox( 1013): DroidBox: { "FileRW": { "operation": "read", "data": "02", "id": "740316618" } }
W/dalvikvm( 1013): DroidBox: { "FdAccess": { "path": "2f646174612f646174612f636f6d2e67752e61637469766974792f6170705f646174612f75736572732e73", "id": "173601449" } }
W/DroidBox( 1013): DroidBox: { "FileRW": { "operation": "read", "data": "0002", "id": "173601449" } }
W/dalvikvm( 1013): DroidBox: { "FdAccess": { "path": "2f646174612f646174612f636f6d2e67752e61637469766974792f6170705f646174612f75736572732e73", "id": "526701363" } }
W/DroidBox( 1013): DroidBox: { "FileRW": { "operation": "read", "data": "4c", "id": "526701363" } }
W/dalvikvm( 1013): DroidBox: { "FdAccess": { "path": "2f646174612f646174612f636f6d2e67752e61637469766974792f6170705f646174612f75736572732e73", "id": "466538473" } }
W/DroidBox( 1013): DroidBox: { "FileRW": { "operation": "read", "data": "0008", "id": "466538473" } }
W/dalvikvm( 1013): DroidBox: { "FdAccess": { "path": "2f646174612f646174612f636f6d2e67752e61637469766974792f6170705f646174612f75736572732e73", "id": "1044786927" } }
W/DroidBox( 1013): DroidBox: { "FileRW": { "operation": "read", "data": "757365724c697374", "id": "1044786927" } }
W/dalvikvm( 1013): DroidBox: { "FdAccess": { "path": "2f646174612f646174612f636f6d2e67752e61637469766974792f6170705f646174612f75736572732e73", "id": "694238518" } }
W/DroidBox( 1013): DroidBox: { "FileRW": { "operation": "read", "data": "74", "id": "694238518" } }
W/dalvikvm( 1013): DroidBox: { "FdAccess": { "path": "2f646174612f646174612f636f6d2e67752e61637469766974792f6170705f646174612f75736572732e73", "id": "1595464966" } }
W/DroidBox( 1013): DroidBox: { "FileRW": { "operation": "read", "data": "0010", "id": "1595464966" } }
W/dalvikvm( 1013): DroidBox: { "FdAccess": { "path": "2f646174612f646174612f636f6d2e67752e61637469766974792f6170705f646174612f75736572732e73", "id": "672435047" } }
W/DroidBox( 1013): DroidBox: { "FileRW": { "operation": "read", "data": "4c6a6176612f7574696c2f4c6973743b", "id": "672435047" } }
W/dalvikvm( 1013): DroidBox: { "FdAccess": { "path": "2f646174612f646174612f636f6d2e67752e61637469766974792f6170705f646174612f75736572732e73", "id": "1871367435" } }
W/DroidBox( 1013): DroidBox: { "FileRW": { "operation": "read", "data": "4c", "id": "1871367435" } }
W/dalvikvm( 1013): DroidBox: { "FdAccess": { "path": "2f646174612f646174612f636f6d2e67752e61637469766974792f6170705f646174612f75736572732e73", "id": "1177250848" } }
W/DroidBox( 1013): DroidBox: { "FileRW": { "operation": "read", "data": "0007", "id": "1177250848" } }
W/dalvikvm( 1013): DroidBox: { "FdAccess": { "path": "2f646174612f646174612f636f6d2e67752e61637469766974792f6170705f646174612f75736572732e73", "id": "788500282" } }
W/DroidBox( 1013): DroidBox: { "FileRW": { "operation": "read", "data": "757365724d6170", "id": "788500282" } }
W/dalvikvm( 1013): DroidBox: { "FdAccess": { "path": "2f646174612f646174612f636f6d2e67752e61637469766974792f6170705f646174612f75736572732e73", "id": "1758217961" } }
W/DroidBox( 1013): DroidBox: { "FileRW": { "operation": "read", "data": "74", "id": "1758217961" } }
W/dalvikvm( 1013): DroidBox: { "FdAccess": { "path": "2f646174612f646174612f636f6d2e67752e61637469766974792f6170705f646174612f75736572732e73", "id": "924524469" } }
W/DroidBox( 1013): DroidBox: { "FileRW": { "operation": "read", "data": "0013", "id": "924524469" } }
W/dalvikvm( 1013): DroidBox: { "FdAccess": { "path": "2f646174612f646174612f636f6d2e67752e61637469766974792f6170705f646174612f75736572732e73", "id": "247725295" } }
W/DroidBox( 1013): DroidBox: { "FileRW": { "operation": "read", "data": "4c6a6176612f7574696c2f486173684d61703b", "id": "247725295" } }
W/dalvikvm( 1013): DroidBox: { "FdAccess": { "path": "2f646174612f646174612f636f6d2e67752e61637469766974792f6170705f646174612f75736572732e73", "id": "1878953011" } }
W/DroidBox( 1013): DroidBox: { "FileRW": { "operation": "read", "data": "78", "id": "1878953011" } }
W/dalvikvm( 1013): DroidBox: { "FdAccess": { "path": "2f646174612f646174612f636f6d2e67752e61637469766974792f6170705f646174612f75736572732e73", "id": "13233934" } }
W/DroidBox( 1013): DroidBox: { "FileRW": { "operation": "read", "data": "70", "id": "13233934" } }
W/dalvikvm( 1013): DroidBox: { "FdAccess": { "path": "2f646174612f646174612f636f6d2e67752e61637469766974792f6170705f646174612f75736572732e73", "id": "1014126135" } }
W/DroidBox( 1013): DroidBox: { "FileRW": { "operation": "read", "data": "73", "id": "1014126135" } }
W/dalvikvm( 1013): DroidBox: { "FdAccess": { "path": "2f646174612f646174612f636f6d2e67752e61637469766974792f6170705f646174612f75736572732e73", "id": "872333973" } }
W/DroidBox( 1013): DroidBox: { "FileRW": { "operation": "read", "data": "72", "id": "872333973" } }
W/dalvikvm( 1013): DroidBox: { "FdAccess": { "path": "2f646174612f646174612f636f6d2e67752e61637469766974792f6170705f646174612f75736572732e73", "id": "857435159" } }
W/DroidBox( 1013): DroidBox: { "FileRW": { "operation": "read", "data": "0013", "id": "857435159" } }
W/dalvikvm( 1013): DroidBox: { "FdAccess": { "path": "2f646174612f646174612f636f6d2e67752e61637469766974792f6170705f646174612f75736572732e73", "id": "61696107" } }
W/DroidBox( 1013): DroidBox: { "FileRW": { "operation": "read", "data": "6a6176612e7574696c2e41727261794c697374", "id": "61696107" } }
W/dalvikvm( 1013): DroidBox: { "FdAccess": { "path": "2f646174612f646174612f636f6d2e67752e61637469766974792f6170705f646174612f75736572732e73", "id": "1128444751" } }
W/DroidBox( 1013): DroidBox: { "FileRW": { "operation": "read", "data": "78efbfbdefbfbd1defbfbdefbfbd61efbfbd", "id": "1128444751" } }
W/dalvikvm( 1013): DroidBox: { "FdAccess": { "path": "2f646174612f646174612f636f6d2e67752e61637469766974792f6170705f646174612f75736572732e73", "id": "43516958" } }
W/DroidBox( 1013): DroidBox: { "FileRW": { "operation": "read", "data": "03", "id": "43516958" } }
E/WVMExtractor(   61): Failed to open libwvm.so
W/dalvikvm( 1013): DroidBox: { "FdAccess": { "path": "2f646174612f646174612f636f6d2e67752e61637469766974792f6170705f646174612f75736572732e73", "id": "2121236502" } }
W/DroidBox( 1013): DroidBox: { "FileRW": { "operation": "read", "data": "0001", "id": "2121236502" } }
W/dalvikvm( 1013): DroidBox: { "FdAccess": { "path": "2f646174612f646174612f636f6d2e67752e61637469766974792f6170705f646174612f75736572732e73", "id": "835646361" } }
W/DroidBox( 1013): DroidBox: { "FileRW": { "operation": "read", "data": "49", "id": "835646361" } }
W/dalvikvm( 1013): DroidBox: { "FdAccess": { "path": "2f646174612f646174612f636f6d2e67752e61637469766974792f6170705f646174612f75736572732e73", "id": "1184205479" } }
W/DroidBox( 1013): DroidBox: { "FileRW": { "operation": "read", "data": "0004", "id": "1184205479" } }
W/dalvikvm( 1013): DroidBox: { "FdAccess": { "path": "2f646174612f646174612f636f6d2e67752e61637469766974792f6170705f646174612f75736572732e73", "id": "225305712" } }
W/DroidBox( 1013): DroidBox: { "FileRW": { "operation": "read", "data": "73697a65", "id": "225305712" } }
W/dalvikvm( 1013): DroidBox: { "FdAccess": { "path": "2f646174612f646174612f636f6d2e67752e61637469766974792f6170705f646174612f75736572732e73", "id": "1945677525" } }
W/DroidBox( 1013): DroidBox: { "FileRW": { "operation": "read", "data": "78", "id": "1945677525" } }
W/dalvikvm( 1013): DroidBox: { "FdAccess": { "path": "2f646174612f646174612f636f6d2e67752e61637469766974792f6170705f646174612f75736572732e73", "id": "1305206001" } }
W/DroidBox( 1013): DroidBox: { "FileRW": { "operation": "read", "data": "70", "id": "1305206001" } }
W/dalvikvm( 1013): DroidBox: { "FdAccess": { "path": "2f646174612f646174612f636f6d2e67752e61637469766974792f6170705f646174612f75736572732e73", "id": "1735844582" } }
W/DroidBox( 1013): DroidBox: { "FileRW": { "operation": "read", "data": "00000000", "id": "1735844582" } }
W/dalvikvm( 1013): DroidBox: { "FdAccess": { "path": "2f646174612f646174612f636f6d2e67752e61637469766974792f6170705f646174612f75736572732e73", "id": "679237814" } }
W/DroidBox( 1013): DroidBox: { "FileRW": { "operation": "read", "data": "77", "id": "679237814" } }
W/dalvikvm( 1013): DroidBox: { "FdAccess": { "path": "2f646174612f646174612f636f6d2e67752e61637469766974792f6170705f646174612f75736572732e73", "id": "1547430828" } }
W/DroidBox( 1013): DroidBox: { "FileRW": { "operation": "read", "data": "04", "id": "1547430828" } }
W/dalvikvm( 1013): DroidBox: { "FdAccess": { "path": "2f646174612f646174612f636f6d2e67752e61637469766974792f6170705f646174612f75736572732e73", "id": "7520925" } }
W/DroidBox( 1013): DroidBox: { "FileRW": { "operation": "read", "data": "00000000", "id": "7520925" } }
W/dalvikvm( 1013): DroidBox: { "FdAccess": { "path": "2f646174612f646174612f636f6d2e67752e61637469766974792f6170705f646174612f75736572732e73", "id": "645960907" } }
W/DroidBox( 1013): DroidBox: { "FileRW": { "operation": "read", "data": "78", "id": "645960907" } }
W/dalvikvm( 1013): DroidBox: { "FdAccess": { "path": "2f646174612f646174612f636f6d2e67752e61637469766974792f6170705f646174612f75736572732e73", "id": "239270180" } }
W/DroidBox( 1013): DroidBox: { "FileRW": { "operation": "read", "data": "73", "id": "239270180" } }
W/dalvikvm( 1013): DroidBox: { "FdAccess": { "path": "2f646174612f646174612f636f6d2e67752e61637469766974792f6170705f646174612f75736572732e73", "id": "1296162952" } }
W/DroidBox( 1013): DroidBox: { "FileRW": { "operation": "read", "data": "72", "id": "1296162952" } }
W/dalvikvm( 1013): DroidBox: { "FdAccess": { "path": "2f646174612f646174612f636f6d2e67752e61637469766974792f6170705f646174612f75736572732e73", "id": "1651154749" } }
W/DroidBox( 1013): DroidBox: { "FileRW": { "operation": "read", "data": "0011", "id": "1651154749" } }
W/dalvikvm( 1013): DroidBox: { "FdAccess": { "path": "2f646174612f646174612f636f6d2e67752e61637469766974792f6170705f646174612f75736572732e73", "id": "561918454" } }
W/DroidBox( 1013): DroidBox: { "FileRW": { "operation": "read", "data": "6a6176612e7574696c2e486173684d6170", "id": "561918454" } }
W/dalvikvm( 1013): DroidBox: { "FdAccess": { "path": "2f646174612f646174612f636f6d2e67752e61637469766974792f6170705f646174612f75736572732e73", "id": "1100304932" } }
W/DroidBox( 1013): DroidBox: { "FileRW": { "operation": "read", "data": "0507efbfbdefbfbdefbfbd1660efbfbd", "id": "1100304932" } }
W/dalvikvm( 1013): DroidBox: { "FdAccess": { "path": "2f646174612f646174612f636f6d2e67752e61637469766974792f6170705f646174612f75736572732e73", "id": "988267783" } }
W/DroidBox( 1013): DroidBox: { "FileRW": { "operation": "read", "data": "03", "id": "988267783" } }
W/dalvikvm( 1013): DroidBox: { "FdAccess": { "path": "2f646174612f646174612f636f6d2e67752e61637469766974792f6170705f646174612f75736572732e73", "id": "666602340" } }
W/DroidBox( 1013): DroidBox: { "FileRW": { "operation": "read", "data": "0001", "id": "666602340" } }
W/dalvikvm( 1013): DroidBox: { "FdAccess": { "path": "2f646174612f646174612f636f6d2e67752e61637469766974792f6170705f646174612f75736572732e73", "id": "2074290384" } }
W/DroidBox( 1013): DroidBox: { "FileRW": { "operation": "read", "data": "46", "id": "2074290384" } }
W/dalvikvm( 1013): DroidBox: { "FdAccess": { "path": "2f646174612f646174612f636f6d2e67752e61637469766974792f6170705f646174612f75736572732e73", "id": "1129359583" } }
W/DroidBox( 1013): DroidBox: { "FileRW": { "operation": "read", "data": "000a", "id": "1129359583" } }
W/dalvikvm( 1013): DroidBox: { "FdAccess": { "path": "2f646174612f646174612f636f6d2e67752e61637469766974792f6170705f646174612f75736572732e73", "id": "658105044" } }
W/DroidBox( 1013): DroidBox: { "FileRW": { "operation": "read", "data": "6c6f6164466163746f72", "id": "658105044" } }
W/dalvikvm( 1013): DroidBox: { "FdAccess": { "path": "2f646174612f646174612f636f6d2e67752e61637469766974792f6170705f646174612f75736572732e73", "id": "1206048269" } }
W/DroidBox( 1013): DroidBox: { "FileRW": { "operation": "read", "data": "78", "id": "1206048269" } }
W/dalvikvm( 1013): DroidBox: { "FdAccess": { "path": "2f646174612f646174612f636f6d2e67752e61637469766974792f6170705f646174612f75736572732e73", "id": "1959358516" } }
W/DroidBox( 1013): DroidBox: { "FileRW": { "operation": "read", "data": "70", "id": "1959358516" } }
W/dalvikvm( 1013): DroidBox: { "FdAccess": { "path": "2f646174612f646174612f636f6d2e67752e61637469766974792f6170705f646174612f75736572732e73", "id": "1990001679" } }
W/DroidBox( 1013): DroidBox: { "FileRW": { "operation": "read", "data": "3f400000", "id": "1990001679" } }
W/dalvikvm( 1013): DroidBox: { "FdAccess": { "path": "2f646174612f646174612f636f6d2e67752e61637469766974792f6170705f646174612f75736572732e73", "id": "1105912172" } }
W/DroidBox( 1013): DroidBox: { "FileRW": { "operation": "read", "data": "77", "id": "1105912172" } }
W/dalvikvm( 1013): DroidBox: { "FdAccess": { "path": "2f646174612f646174612f636f6d2e67752e61637469766974792f6170705f646174612f75736572732e73", "id": "1176170752" } }
W/DroidBox( 1013): DroidBox: { "FileRW": { "operation": "read", "data": "08", "id": "1176170752" } }
W/dalvikvm( 1013): DroidBox: { "FdAccess": { "path": "2f646174612f646174612f636f6d2e67752e61637469766974792f6170705f646174612f75736572732e73", "id": "1646444514" } }
W/DroidBox( 1013): DroidBox: { "FileRW": { "operation": "read", "data": "0000000200000000", "id": "1646444514" } }
W/dalvikvm( 1013): DroidBox: { "FdAccess": { "path": "2f646174612f646174612f636f6d2e67752e61637469766974792f6170705f646174612f75736572732e73", "id": "1935250308" } }
W/DroidBox( 1013): DroidBox: { "FileRW": { "operation": "read", "data": "78", "id": "1935250308" } }
E/WVMExtractor(   61): Failed to open libwvm.so
E/WVMExtractor(   61): Failed to open libwvm.so
W/dalvikvm( 1013): DroidBox: { "FdAccess": { "path": "2f6465762f7572616e646f6d", "id": "2046019463" } }
W/DroidBox( 1013): DroidBox: { "FileRW": { "operation": "read", "data": "0eefbfbdefbfbdc897efbfbdefbfbdefbfbd40efbfbd37efbfbdefbfbde78abdefbfbd56efbfbd35", "id": "2046019463" } }
I/dalvikvm-heap( 1013): Grow heap (frag case) to 8.758MB for 131088-byte allocation
E/WVMExtractor(   61): Failed to open libwvm.so
D/AndroidRuntime( 1013): Shutting down VM
W/dalvikvm( 1013): threadid=1: thread exiting with uncaught exception (group=0xb35fce20)
E/AndroidRuntime( 1013): FATAL EXCEPTION: main
E/AndroidRuntime( 1013): java.lang.RuntimeException: Unable to create service com.gu.MainService: java.lang.IllegalArgumentException: requested provider network doesn't exisit
E/AndroidRuntime( 1013): 	at android.app.ActivityThread.handleCreateService(ActivityThread.java:2373)
E/AndroidRuntime( 1013): 	at android.app.ActivityThread.access$1600(ActivityThread.java:130)
E/AndroidRuntime( 1013): 	at android.app.ActivityThread$H.handleMessage(ActivityThread.java:1277)
E/AndroidRuntime( 1013): 	at android.os.Handler.dispatchMessage(Handler.java:99)
E/AndroidRuntime( 1013): 	at android.os.Looper.loop(Looper.java:137)
E/AndroidRuntime( 1013): 	at android.app.ActivityThread.main(ActivityThread.java:4745)
E/AndroidRuntime( 1013): 	at java.lang.reflect.Method.invokeNative(Native Method)
E/AndroidRuntime( 1013): 	at java.lang.reflect.Method.invoke(Method.java:511)
E/AndroidRuntime( 1013): 	at com.android.internal.os.ZygoteInit$MethodAndArgsCaller.run(ZygoteInit.java:786)
E/AndroidRuntime( 1013): 	at com.android.internal.os.ZygoteInit.main(ZygoteInit.java:553)
E/AndroidRuntime( 1013): 	at dalvik.system.NativeStart.main(Native Method)
E/AndroidRuntime( 1013): Caused by: java.lang.IllegalArgumentException: requested provider network doesn't exisit
E/AndroidRuntime( 1013): 	at android.os.Parcel.readException(Parcel.java:1505)
E/AndroidRuntime( 1013): 	at android.os.Parcel.readException(Parcel.java:1455)
E/AndroidRuntime( 1013): 	at android.location.ILocationManager$Stub$Proxy.requestLocationUpdates(ILocationManager.java:646)
E/AndroidRuntime( 1013): 	at android.location.LocationManager._requestLocationUpdates(LocationManager.java:660)
E/AndroidRuntime( 1013): 	at android.location.LocationManager.requestLocationUpdates(LocationManager.java:482)
E/AndroidRuntime( 1013): 	at com.gu.MainService.onCreate(MainService.java:740)
E/AndroidRuntime( 1013): 	at android.app.ActivityThread.handleCreateService(ActivityThread.java:2363)
E/AndroidRuntime( 1013): 	... 10 more
I/Process ( 1013): Sending signal. PID: 1013 SIG: 9
I/ActivityManager(  221): Process com.gu.activity (pid 1013) has died.
W/ActivityManager(  221): Service crashed 2 times, stopping: ServiceRecord{b429da68 com.gu.activity/com.gu.MainService}
E/WVMExtractor(   61): Failed to open libwvm.so
E/WVMExtractor(   61): Failed to open libwvm.so
E/WVMExtractor(   61): Failed to open libwvm.so
E/WVMExtractor(   61): Failed to open libwvm.so
E/WVMExtractor(   61): Failed to open libwvm.so
E/WVMExtractor(   61): Failed to open libwvm.so
E/WVMExtractor(   61): Failed to open libwvm.so
E/WVMExtractor(   61): Failed to open libwvm.so
E/WVMExtractor(   61): Failed to open libwvm.so
E/WVMExtractor(   61): Failed to open libwvm.so
E/WVMExtractor(   61): Failed to open libwvm.so
E/WVMExtractor(   61): Failed to open libwvm.so
E/WVMExtractor(   61): Failed to open libwvm.so
E/WVMExtractor(   61): Failed to open libwvm.so
W/BackupManagerService(  221): dataChanged but no participant pkg='com.android.providers.settings' uid=10011
E/WVMExtractor(   61): Failed to open libwvm.so
E/MetadataRetrieverClient(   61): failed to extract an album art
E/WVMExtractor(   61): Failed to open libwvm.so
E/WVMExtractor(   61): Failed to open libwvm.so
E/WVMExtractor(   61): Failed to open libwvm.so
E/WVMExtractor(   61): Failed to open libwvm.so
E/WVMExtractor(   61): Failed to open libwvm.so
E/WVMExtractor(   61): Failed to open libwvm.so
E/WVMExtractor(   61): Failed to open libwvm.so
E/WVMExtractor(   61): Failed to open libwvm.so
E/WVMExtractor(   61): Failed to open libwvm.so
E/WVMExtractor(   61): Failed to open libwvm.so
E/WVMExtractor(   61): Failed to open libwvm.so
E/WVMExtractor(   61): Failed to open libwvm.so
E/WVMExtractor(   61): Failed to open libwvm.so
E/WVMExtractor(   61): Failed to open libwvm.so
E/WVMExtractor(   61): Failed to open libwvm.so
E/WVMExtractor(   61): Failed to open libwvm.so
E/WVMExtractor(   61): Failed to open libwvm.so
E/WVMExtractor(   61): Failed to open libwvm.so
E/WVMExtractor(   61): Failed to open libwvm.so
E/WVMExtractor(   61): Failed to open libwvm.so
E/WVMExtractor(   61): Failed to open libwvm.so
E/WVMExtractor(   61): Failed to open libwvm.so
E/WVMExtractor(   61): Failed to open libwvm.so
E/WVMExtractor(   61): Failed to open libwvm.so
E/WVMExtractor(   61): Failed to open libwvm.so
E/WVMExtractor(   61): Failed to open libwvm.so
E/WVMExtractor(   61): Failed to open libwvm.so
E/WVMExtractor(   61): Failed to open libwvm.so
E/WVMExtractor(   61): Failed to open libwvm.so
E/WVMExtractor(   61): Failed to open libwvm.so
E/WVMExtractor(   61): Failed to open libwvm.so
E/WVMExtractor(   61): Failed to open libwvm.so
E/WVMExtractor(   61): Failed to open libwvm.so
E/WVMExtractor(   61): Failed to open libwvm.so
E/WVMExtractor(   61): Failed to open libwvm.so
E/WVMExtractor(   61): Failed to open libwvm.so
E/WVMExtractor(   61): Failed to open libwvm.so
E/WVMExtractor(   61): Failed to open libwvm.so
E/MetadataRetrieverClient(   61): failed to extract an album art
E/WVMExtractor(   61): Failed to open libwvm.so
E/MetadataRetrieverClient(   61): failed to extract an album art
I/ActivityManager(  221): No longer want com.android.contacts (pid 655): hidden #16
W/BackupManagerService(  221): dataChanged but no participant pkg='com.android.providers.settings' uid=1001
W/dalvikvm(  221): DroidBox: { "FdAccess": { "path": "2f70726f632f3232312f6e65742f78745f717461677569642f69666163655f737461745f616c6c", "id": "534029800" } }
W/DroidBox(  221): DroidBox: { "FileRW": { "operation": "read", "data": "6574683020312030203020302030203330333230353920343135322034383231373520323935320a6c6f20312030203020302030203335333620343920333533362034390a00000000000000000000000000000000000000000000000000000000000000", "id": "534029800" } }
W/dalvikvm(  221): DroidBox: { "FdAccess": { "path": "2f70726f632f3232312f6e65742f78745f717461677569642f69666163655f737461745f616c6c", "id": "1753975403" } }
W/DroidBox(  221): DroidBox: { "FileRW": { "operation": "read", "data": "34390a362034390a34390a362034390a390a390a390a390a390a34390a362034390a3533362034390a362034390a333533362034390a390a390a390a390a390a362034390a00000000000000000000000000000000000000000000000000000000000000", "id": "1753975403" } }
W/ThrottleService(  221): unable to find stats for iface rmnet0
E/ThrottleService(  221): Error reading data file
